+ 2: c
Unmatched input lines: 1
Unmatched suppressions: 0
