+ 1: b
Unmatched input lines: 1
Unmatched suppressions: 0
