- 0: a
Unmatched input lines: 0
Unmatched suppressions: 1
