Error: File 'test_suppressions-file-not-found_suppressions.txt' not found
