Error: File 'test_suppressions-file-not-found-error_suppressions.txt' not found
