- 1: b
Unmatched input lines: 0
Unmatched suppressions: 1
