+ 0: a
+ 1: b
+ 2: c
Unmatched input lines: 3
Unmatched suppressions: 0
