+ 0: a
Unmatched input lines: 1
Unmatched suppressions: 0
