- 2: c
Unmatched input lines: 0
Unmatched suppressions: 1
